// Jest Snapshot v1, https://goo.gl/fbAQLP

exports[`Card Item Spec Should render without any error 1`] = `
<div
  className="Card__Item"
>
  <h2>
    Lion Air
  </h2>
  <div
    className="Item"
  >
    <div
      className="Item__Info"
    >
      <div
        className="Left"
      >
        <div
          className="Left__Logo"
        >
          <img
            alt=""
            src="https://static.tiket.photos/image/upload/v1534836616/string/2018/08/21/77df219f-f1d2-494b-a5e7-a339a30e68dd36101a6e250cd0c3b727098ef19b62c6.png"
          />
        </div>
        <div
          className="Left__Departure"
        >
          <div>
            11:42
          </div>
          <div>
            CGK
          </div>
        </div>
        <div
          className="Left__Duration"
        >
          <div>
            48
            h 0m
          </div>
          <div>
            Direct
          </div>
        </div>
        <div
          className="Left__Arrival"
        >
          <div>
            11:38
          </div>
          <div>
            SIN
          </div>
        </div>
      </div>
      <div
        className="Right"
      >
        <div
          className="Right__Price"
        >
          <span>
            IDR 
            670,700
          </span>
          <span>
            /pax
          </span>
        </div>
      </div>
    </div>
    <div
      className="Item__Action"
    >
      <nav
        className="Tab "
      >
        <div
          className="Tab__Section"
        >
          <div
            className=""
            onClick={[Function]}
          >
            Flight Detail
          </div>
          <div
            className=""
            onClick={[Function]}
          >
            Price Detail
          </div>
        </div>
        <div
          className="Tab__Content "
        />
      </nav>
      <button
        className="Button Button_Primary"
        onClick={[Function]}
        type="button"
      >
        Choose Flight
      </button>
    </div>
  </div>
</div>
`;
